// Jest Snapshot v1, https://goo.gl/fbAQLP

exports[`Listings should render the component 1`] = `
<section
  className="listings"
/>
`;
